// Jest Snapshot v1, https://goo.gl/fbAQLP

exports[`matches snapshot 1`] = `
<div
  className="container"
>
  <div
    className="mb-3 row"
  >
    <div
      className="text-center col"
    >
      <h5>
        Login now to start hunting for superstar repos!
      </h5>
    </div>
  </div>
  <div
    className="row"
  >
    <div
      className="text-center col"
    >
      <p>
        Create a GitHub token 
        <a
          href="https://github.com/settings/tokens/new"
        >
          here
        </a>
         
        and login.
      </p>
      <button
        className="btn btn-primary"
        onClick={[Function]}
        type="button"
      >
        Login
      </button>
    </div>
  </div>
</div>
`;
